// Jest Snapshot v1, https://goo.gl/fbAQLP

exports[`the drawing layer matches the snapshot 1`] = `
initialize {
  "0": Object {
    "attribs": Object {},
    "children": Array [
      Object {
        "attribs": Object {
          "style": "position:absolute;top:0;bottom:0;width:200px;height:100px",
        },
        "children": Array [
          Object {
            "attribs": Object {
              "cx": "1",
              "cy": "2",
              "fill": "lime",
              "fill-opacity": "0.1",
              "r": "4",
              "stroke": "lime",
              "stroke-width": "1.5",
            },
            "children": Array [],
            "name": "circle",
            "namespace": "http://www.w3.org/2000/svg",
            "next": Object {
              "attribs": Object {
                "d": "
M 3,0
L 16,-11
L 34,-11
    ",
                "fill": "none",
                "stroke": "lime",
                "stroke-width": "1.5",
              },
              "children": Array [],
              "name": "path",
              "namespace": "http://www.w3.org/2000/svg",
              "next": Object {
                "attribs": Object {
                  "fill": "lime",
                  "style": "font-family:monospace;font-weight:bold;font-size:14px",
                  "x": "16",
                  "y": "-13",
                },
                "children": Array [
                  Object {
                    "data": "Bob",
                    "next": null,
                    "parent": [Circular],
                    "prev": null,
                    "type": "text",
                  },
                ],
                "name": "text",
                "namespace": "http://www.w3.org/2000/svg",
                "next": null,
                "parent": [Circular],
                "prev": [Circular],
                "type": "tag",
                "x-attribsNamespace": Object {
                  "fill": undefined,
                  "style": undefined,
                  "x": undefined,
                  "y": undefined,
                },
                "x-attribsPrefix": Object {
                  "fill": undefined,
                  "style": undefined,
                  "x": undefined,
                  "y": undefined,
                },
              },
              "parent": [Circular],
              "prev": [Circular],
              "type": "tag",
              "x-attribsNamespace": Object {
                "d": undefined,
                "fill": undefined,
                "stroke": undefined,
                "stroke-width": undefined,
              },
              "x-attribsPrefix": Object {
                "d": undefined,
                "fill": undefined,
                "stroke": undefined,
                "stroke-width": undefined,
              },
            },
            "parent": [Circular],
            "prev": null,
            "type": "tag",
            "x-attribsNamespace": Object {
              "cx": undefined,
              "cy": undefined,
              "fill": undefined,
              "fill-opacity": undefined,
              "r": undefined,
              "stroke": undefined,
              "stroke-width": undefined,
            },
            "x-attribsPrefix": Object {
              "cx": undefined,
              "cy": undefined,
              "fill": undefined,
              "fill-opacity": undefined,
              "r": undefined,
              "stroke": undefined,
              "stroke-width": undefined,
            },
          },
          Object {
            "attribs": Object {
              "d": "
M 3,0
L 16,-11
L 34,-11
    ",
              "fill": "none",
              "stroke": "lime",
              "stroke-width": "1.5",
            },
            "children": Array [],
            "name": "path",
            "namespace": "http://www.w3.org/2000/svg",
            "next": Object {
              "attribs": Object {
                "fill": "lime",
                "style": "font-family:monospace;font-weight:bold;font-size:14px",
                "x": "16",
                "y": "-13",
              },
              "children": Array [
                Object {
                  "data": "Bob",
                  "next": null,
                  "parent": [Circular],
                  "prev": null,
                  "type": "text",
                },
              ],
              "name": "text",
              "namespace": "http://www.w3.org/2000/svg",
              "next": null,
              "parent": [Circular],
              "prev": [Circular],
              "type": "tag",
              "x-attribsNamespace": Object {
                "fill": undefined,
                "style": undefined,
                "x": undefined,
                "y": undefined,
              },
              "x-attribsPrefix": Object {
                "fill": undefined,
                "style": undefined,
                "x": undefined,
                "y": undefined,
              },
            },
            "parent": [Circular],
            "prev": Object {
              "attribs": Object {
                "cx": "1",
                "cy": "2",
                "fill": "lime",
                "fill-opacity": "0.1",
                "r": "4",
                "stroke": "lime",
                "stroke-width": "1.5",
              },
              "children": Array [],
              "name": "circle",
              "namespace": "http://www.w3.org/2000/svg",
              "next": [Circular],
              "parent": [Circular],
              "prev": null,
              "type": "tag",
              "x-attribsNamespace": Object {
                "cx": undefined,
                "cy": undefined,
                "fill": undefined,
                "fill-opacity": undefined,
                "r": undefined,
                "stroke": undefined,
                "stroke-width": undefined,
              },
              "x-attribsPrefix": Object {
                "cx": undefined,
                "cy": undefined,
                "fill": undefined,
                "fill-opacity": undefined,
                "r": undefined,
                "stroke": undefined,
                "stroke-width": undefined,
              },
            },
            "type": "tag",
            "x-attribsNamespace": Object {
              "d": undefined,
              "fill": undefined,
              "stroke": undefined,
              "stroke-width": undefined,
            },
            "x-attribsPrefix": Object {
              "d": undefined,
              "fill": undefined,
              "stroke": undefined,
              "stroke-width": undefined,
            },
          },
          Object {
            "attribs": Object {
              "fill": "lime",
              "style": "font-family:monospace;font-weight:bold;font-size:14px",
              "x": "16",
              "y": "-13",
            },
            "children": Array [
              Object {
                "data": "Bob",
                "next": null,
                "parent": [Circular],
                "prev": null,
                "type": "text",
              },
            ],
            "name": "text",
            "namespace": "http://www.w3.org/2000/svg",
            "next": null,
            "parent": [Circular],
            "prev": Object {
              "attribs": Object {
                "d": "
M 3,0
L 16,-11
L 34,-11
    ",
                "fill": "none",
                "stroke": "lime",
                "stroke-width": "1.5",
              },
              "children": Array [],
              "name": "path",
              "namespace": "http://www.w3.org/2000/svg",
              "next": [Circular],
              "parent": [Circular],
              "prev": Object {
                "attribs": Object {
                  "cx": "1",
                  "cy": "2",
                  "fill": "lime",
                  "fill-opacity": "0.1",
                  "r": "4",
                  "stroke": "lime",
                  "stroke-width": "1.5",
                },
                "children": Array [],
                "name": "circle",
                "namespace": "http://www.w3.org/2000/svg",
                "next": [Circular],
                "parent": [Circular],
                "prev": null,
                "type": "tag",
                "x-attribsNamespace": Object {
                  "cx": undefined,
                  "cy": undefined,
                  "fill": undefined,
                  "fill-opacity": undefined,
                  "r": undefined,
                  "stroke": undefined,
                  "stroke-width": undefined,
                },
                "x-attribsPrefix": Object {
                  "cx": undefined,
                  "cy": undefined,
                  "fill": undefined,
                  "fill-opacity": undefined,
                  "r": undefined,
                  "stroke": undefined,
                  "stroke-width": undefined,
                },
              },
              "type": "tag",
              "x-attribsNamespace": Object {
                "d": undefined,
                "fill": undefined,
                "stroke": undefined,
                "stroke-width": undefined,
              },
              "x-attribsPrefix": Object {
                "d": undefined,
                "fill": undefined,
                "stroke": undefined,
                "stroke-width": undefined,
              },
            },
            "type": "tag",
            "x-attribsNamespace": Object {
              "fill": undefined,
              "style": undefined,
              "x": undefined,
              "y": undefined,
            },
            "x-attribsPrefix": Object {
              "fill": undefined,
              "style": undefined,
              "x": undefined,
              "y": undefined,
            },
          },
        ],
        "name": "svg",
        "namespace": "http://www.w3.org/2000/svg",
        "next": null,
        "parent": [Circular],
        "prev": null,
        "type": "tag",
        "x-attribsNamespace": Object {
          "style": undefined,
        },
        "x-attribsPrefix": Object {
          "style": undefined,
        },
      },
    ],
    "name": "div",
    "namespace": "http://www.w3.org/1999/xhtml",
    "next": null,
    "parent": null,
    "prev": null,
    "root": Object {
      "attribs": Object {},
      "children": Array [
        [Circular],
      ],
      "name": "root",
      "namespace": "http://www.w3.org/1999/xhtml",
      "next": null,
      "parent": null,
      "prev": null,
      "type": "root",
      "x-attribsNamespace": Object {},
      "x-attribsPrefix": Object {},
    },
    "type": "tag",
    "x-attribsNamespace": Object {},
    "x-attribsPrefix": Object {},
  },
  "_root": [Circular],
  "length": 1,
  "options": Object {
    "decodeEntities": true,
    "normalizeWhitespace": false,
    "withDomLvl1": true,
    "xml": false,
  },
}
`;
